// Jest Snapshot v1, https://goo.gl/fbAQLP

exports[`Organigram renders views 1`] = `
<div>
  <div
    className="MuiTabs-root-1"
  >
    <div
      className="MuiTabs-flexContainer-2"
    >
      <div
        className="MuiTabs-scroller-4 MuiTabs-fixed-5"
        onScroll={[Function]}
        role="tablist"
        style={
          Object {
            "marginBottom": 0,
          }
        }
      >
        <div
          className="MuiTabs-flexContainer-2 MuiTabs-centered-3"
        >
          <button
            aria-selected={true}
            className="MuiButtonBase-root-22 MuiTab-root-10 MuiTab-textColorPrimary-13 MuiTab-selected-15"
            disabled={false}
            onBlur={[Function]}
            onClick={[Function]}
            onContextMenu={[Function]}
            onFocus={[Function]}
            onKeyDown={[Function]}
            onKeyUp={[Function]}
            onMouseDown={[Function]}
            onMouseLeave={[Function]}
            onMouseUp={[Function]}
            onTouchEnd={[Function]}
            onTouchMove={[Function]}
            onTouchStart={[Function]}
            role="tab"
            tabIndex="0"
            type="button"
          >
            <span
              className="MuiTab-wrapper-18"
            >
              <span
                className="MuiTab-labelContainer-19"
              >
                <span
                  className="MuiTab-label-20"
                >
                  View One
                </span>
              </span>
            </span>
            <span
              className="MuiTouchRipple-root-220"
            />
          </button>
          <button
            aria-selected={false}
            className="MuiButtonBase-root-22 MuiTab-root-10 MuiTab-textColorPrimary-13"
            disabled={false}
            onBlur={[Function]}
            onClick={[Function]}
            onContextMenu={[Function]}
            onFocus={[Function]}
            onKeyDown={[Function]}
            onKeyUp={[Function]}
            onMouseDown={[Function]}
            onMouseLeave={[Function]}
            onMouseUp={[Function]}
            onTouchEnd={[Function]}
            onTouchMove={[Function]}
            onTouchStart={[Function]}
            role="tab"
            tabIndex="0"
            type="button"
          >
            <span
              className="MuiTab-wrapper-18"
            >
              <span
                className="MuiTab-labelContainer-19"
              >
                <span
                  className="MuiTab-label-20"
                >
                  View Two
                </span>
              </span>
            </span>
            <span
              className="MuiTouchRipple-root-220"
            />
          </button>
        </div>
        <span
          className="MuiPrivateTabIndicator-root-25 MuiPrivateTabIndicator-colorPrimary-26 MuiTabs-indicator-9"
          style={
            Object {
              "left": 0,
              "width": 0,
            }
          }
        />
      </div>
    </div>
  </div>
  <div>
    <div
      className="MuiPaper-root-32 MuiPaper-elevation1-35 MuiPaper-rounded-33 MuiExpansionPanel-root-28 MuiExpansionPanel-rounded-29"
    >
      <div
        aria-expanded={false}
        className="MuiButtonBase-root-22 MuiExpansionPanelSummary-root-59"
        onBlur={[Function]}
        onClick={[Function]}
        onContextMenu={[Function]}
        onFocus={[Function]}
        onKeyDown={[Function]}
        onKeyUp={[Function]}
        onMouseDown={[Function]}
        onMouseLeave={[Function]}
        onMouseUp={[Function]}
        onTouchEnd={[Function]}
        onTouchMove={[Function]}
        onTouchStart={[Function]}
        role="button"
        tabIndex="0"
      >
        <div
          className="MuiExpansionPanelSummary-content-63"
        >
          <h4
            className="MuiTypography-root-65 MuiTypography-h4-80 MuiTypography-colorTextSecondary-98"
          >
            Small tree
          </h4>
        </div>
        <div
          aria-hidden="true"
          className="MuiButtonBase-root-22 MuiIconButton-root-101 MuiExpansionPanelSummary-expandIcon-64"
          onBlur={[Function]}
          onContextMenu={[Function]}
          onFocus={[Function]}
          onKeyDown={[Function]}
          onKeyUp={[Function]}
          onMouseDown={[Function]}
          onMouseLeave={[Function]}
          onMouseUp={[Function]}
          onTouchEnd={[Function]}
          onTouchMove={[Function]}
          onTouchStart={[Function]}
          role="button"
          tabIndex={-1}
        >
          <span
            className="MuiIconButton-label-106"
          >
            <svg
              aria-hidden="true"
              className="MuiSvgIcon-root-107"
              color={undefined}
              focusable="false"
              role="presentation"
              viewBox="0 0 24 24"
            >
              <path
                d="M16.59 8.59L12 13.17 7.41 8.59 6 10l6 6 6-6z"
              />
              <path
                d="M0 0h24v24H0z"
                fill="none"
              />
            </svg>
          </span>
          <span
            className="MuiTouchRipple-root-220"
          />
        </div>
      </div>
      <div
        aria-hidden="true"
        className="MuiCollapse-container-116"
        style={
          Object {
            "minHeight": "0px",
          }
        }
      >
        <div
          className="MuiCollapse-wrapper-118"
        >
          <div
            className="MuiCollapse-wrapperInner-119"
          >
            <div
              className="MuiExpansionPanelDetails-root-120"
            >
              <div
                className="MuiPaper-root-32 MuiPaper-elevation1-35 MuiPaper-rounded-33 MuiCard-root-121"
              >
                <div
                  className="MuiCardContent-root-122"
                >
                  <h5
                    className="MuiTypography-root-65 MuiTypography-h5-81"
                  >
                    Person
                     
                    One
                  </h5>
                  <p
                    className="MuiTypography-root-65 MuiTypography-body1-74 MuiTypography-colorTextSecondary-98"
                  >
                    no1
                  </p>
                </div>
              </div>
              <div
                className="MuiGrid-container-123 MuiGrid-align-items-xs-center-131 MuiGrid-justify-xs-space-evenly-144"
              >
                <div
                  className="MuiPaper-root-32 MuiPaper-elevation1-35 MuiPaper-rounded-33 MuiCard-root-121"
                >
                  <div
                    className="MuiCardContent-root-122"
                  >
                    <h5
                      className="MuiTypography-root-65 MuiTypography-h5-81"
                    >
                      Person
                       
                      Two
                    </h5>
                    <p
                      className="MuiTypography-root-65 MuiTypography-body1-74 MuiTypography-colorTextSecondary-98"
                    >
                      no2
                    </p>
                  </div>
                </div>
                <div
                  className="MuiPaper-root-32 MuiPaper-elevation1-35 MuiPaper-rounded-33 MuiCard-root-121"
                >
                  <div
                    className="MuiCardContent-root-122"
                  >
                    <h5
                      className="MuiTypography-root-65 MuiTypography-h5-81"
                    >
                      Person
                       
                      Three
                    </h5>
                    <p
                      className="MuiTypography-root-65 MuiTypography-body1-74 MuiTypography-colorTextSecondary-98"
                    >
                      no3
                    </p>
                  </div>
                </div>
              </div>
            </div>
          </div>
        </div>
      </div>
    </div>
    <div
      className="MuiPaper-root-32 MuiPaper-elevation1-35 MuiPaper-rounded-33 MuiExpansionPanel-root-28 MuiExpansionPanel-rounded-29"
    >
      <div
        aria-expanded={false}
        className="MuiButtonBase-root-22 MuiExpansionPanelSummary-root-59"
        onBlur={[Function]}
        onClick={[Function]}
        onContextMenu={[Function]}
        onFocus={[Function]}
        onKeyDown={[Function]}
        onKeyUp={[Function]}
        onMouseDown={[Function]}
        onMouseLeave={[Function]}
        onMouseUp={[Function]}
        onTouchEnd={[Function]}
        onTouchMove={[Function]}
        onTouchStart={[Function]}
        role="button"
        tabIndex="0"
      >
        <div
          className="MuiExpansionPanelSummary-content-63"
        >
          <h4
            className="MuiTypography-root-65 MuiTypography-h4-80 MuiTypography-colorTextSecondary-98"
          >
            Big tree
          </h4>
        </div>
        <div
          aria-hidden="true"
          className="MuiButtonBase-root-22 MuiIconButton-root-101 MuiExpansionPanelSummary-expandIcon-64"
          onBlur={[Function]}
          onContextMenu={[Function]}
          onFocus={[Function]}
          onKeyDown={[Function]}
          onKeyUp={[Function]}
          onMouseDown={[Function]}
          onMouseLeave={[Function]}
          onMouseUp={[Function]}
          onTouchEnd={[Function]}
          onTouchMove={[Function]}
          onTouchStart={[Function]}
          role="button"
          tabIndex={-1}
        >
          <span
            className="MuiIconButton-label-106"
          >
            <svg
              aria-hidden="true"
              className="MuiSvgIcon-root-107"
              color={undefined}
              focusable="false"
              role="presentation"
              viewBox="0 0 24 24"
            >
              <path
                d="M16.59 8.59L12 13.17 7.41 8.59 6 10l6 6 6-6z"
              />
              <path
                d="M0 0h24v24H0z"
                fill="none"
              />
            </svg>
          </span>
          <span
            className="MuiTouchRipple-root-220"
          />
        </div>
      </div>
      <div
        aria-hidden="true"
        className="MuiCollapse-container-116"
        style={
          Object {
            "minHeight": "0px",
          }
        }
      >
        <div
          className="MuiCollapse-wrapper-118"
        >
          <div
            className="MuiCollapse-wrapperInner-119"
          >
            <div
              className="MuiExpansionPanelDetails-root-120"
            >
              <div
                className="MuiPaper-root-32 MuiPaper-elevation1-35 MuiPaper-rounded-33 MuiCard-root-121"
              >
                <div
                  className="MuiCardContent-root-122"
                >
                  <h5
                    className="MuiTypography-root-65 MuiTypography-h5-81"
                  >
                    Person
                     
                    Four
                  </h5>
                  <p
                    className="MuiTypography-root-65 MuiTypography-body1-74 MuiTypography-colorTextSecondary-98"
                  >
                    no4
                  </p>
                </div>
              </div>
              <div
                className="MuiGrid-container-123 MuiGrid-align-items-xs-center-131 MuiGrid-justify-xs-space-evenly-144"
              >
                <div
                  className="MuiPaper-root-32 MuiPaper-elevation1-35 MuiPaper-rounded-33 MuiExpansionPanel-root-28 MuiExpansionPanel-rounded-29"
                >
                  <div
                    aria-expanded={false}
                    className="MuiButtonBase-root-22 MuiExpansionPanelSummary-root-59"
                    onBlur={[Function]}
                    onClick={[Function]}
                    onContextMenu={[Function]}
                    onFocus={[Function]}
                    onKeyDown={[Function]}
                    onKeyUp={[Function]}
                    onMouseDown={[Function]}
                    onMouseLeave={[Function]}
                    onMouseUp={[Function]}
                    onTouchEnd={[Function]}
                    onTouchMove={[Function]}
                    onTouchStart={[Function]}
                    role="button"
                    tabIndex="0"
                  >
                    <div
                      className="MuiExpansionPanelSummary-content-63"
                    >
                      <h4
                        className="MuiTypography-root-65 MuiTypography-h4-80 MuiTypography-colorTextSecondary-98"
                      >
                        Small tree
                      </h4>
                    </div>
                    <div
                      aria-hidden="true"
                      className="MuiButtonBase-root-22 MuiIconButton-root-101 MuiExpansionPanelSummary-expandIcon-64"
                      onBlur={[Function]}
                      onContextMenu={[Function]}
                      onFocus={[Function]}
                      onKeyDown={[Function]}
                      onKeyUp={[Function]}
                      onMouseDown={[Function]}
                      onMouseLeave={[Function]}
                      onMouseUp={[Function]}
                      onTouchEnd={[Function]}
                      onTouchMove={[Function]}
                      onTouchStart={[Function]}
                      role="button"
                      tabIndex={-1}
                    >
                      <span
                        className="MuiIconButton-label-106"
                      >
                        <svg
                          aria-hidden="true"
                          className="MuiSvgIcon-root-107"
                          color={undefined}
                          focusable="false"
                          role="presentation"
                          viewBox="0 0 24 24"
                        >
                          <path
                            d="M16.59 8.59L12 13.17 7.41 8.59 6 10l6 6 6-6z"
                          />
                          <path
                            d="M0 0h24v24H0z"
                            fill="none"
                          />
                        </svg>
                      </span>
                      <span
                        className="MuiTouchRipple-root-220"
                      />
                    </div>
                  </div>
                  <div
                    aria-hidden="true"
                    className="MuiCollapse-container-116"
                    style={
                      Object {
                        "minHeight": "0px",
                      }
                    }
                  >
                    <div
                      className="MuiCollapse-wrapper-118"
                    >
                      <div
                        className="MuiCollapse-wrapperInner-119"
                      >
                        <div
                          className="MuiExpansionPanelDetails-root-120"
                        >
                          <div
                            className="MuiPaper-root-32 MuiPaper-elevation1-35 MuiPaper-rounded-33 MuiCard-root-121"
                          >
                            <div
                              className="MuiCardContent-root-122"
                            >
                              <h5
                                className="MuiTypography-root-65 MuiTypography-h5-81"
                              >
                                Person
                                 
                                One
                              </h5>
                              <p
                                className="MuiTypography-root-65 MuiTypography-body1-74 MuiTypography-colorTextSecondary-98"
                              >
                                no1
                              </p>
                            </div>
                          </div>
                          <div
                            className="MuiGrid-container-123 MuiGrid-align-items-xs-center-131 MuiGrid-justify-xs-space-evenly-144"
                          >
                            <div
                              className="MuiPaper-root-32 MuiPaper-elevation1-35 MuiPaper-rounded-33 MuiCard-root-121"
                            >
                              <div
                                className="MuiCardContent-root-122"
                              >
                                <h5
                                  className="MuiTypography-root-65 MuiTypography-h5-81"
                                >
                                  Person
                                   
                                  Two
                                </h5>
                                <p
                                  className="MuiTypography-root-65 MuiTypography-body1-74 MuiTypography-colorTextSecondary-98"
                                >
                                  no2
                                </p>
                              </div>
                            </div>
                            <div
                              className="MuiPaper-root-32 MuiPaper-elevation1-35 MuiPaper-rounded-33 MuiCard-root-121"
                            >
                              <div
                                className="MuiCardContent-root-122"
                              >
                                <h5
                                  className="MuiTypography-root-65 MuiTypography-h5-81"
                                >
                                  Person
                                   
                                  Three
                                </h5>
                                <p
                                  className="MuiTypography-root-65 MuiTypography-body1-74 MuiTypography-colorTextSecondary-98"
                                >
                                  no3
                                </p>
                              </div>
                            </div>
                          </div>
                        </div>
                      </div>
                    </div>
                  </div>
                </div>
                <div
                  className="MuiPaper-root-32 MuiPaper-elevation1-35 MuiPaper-rounded-33 MuiCard-root-121"
                >
                  <div
                    className="MuiCardContent-root-122"
                  >
                    <h5
                      className="MuiTypography-root-65 MuiTypography-h5-81"
                    >
                      Person
                       
                      Five
                    </h5>
                    <p
                      className="MuiTypography-root-65 MuiTypography-body1-74 MuiTypography-colorTextSecondary-98"
                    >
                      no5
                    </p>
                  </div>
                </div>
              </div>
            </div>
          </div>
        </div>
      </div>
    </div>
  </div>
</div>
`;
