// Jest Snapshot v1, https://goo.gl/fbAQLP

exports[`Organigram renders views 1`] = `
<div>
  <div
    className={undefined}
  >
    Foo
  </div>
  <div
    className={undefined}
  >
    Bar
  </div>
</div>
`;
