// Jest Snapshot v1, https://goo.gl/fbAQLP

exports[`Organigram renders views 1`] = `
<div>
  <div
    style={
      Object {
        "border": "2px solid #000",
        "display": "inline-block",
        "font-size": "2em",
        "margin": "2em",
        "padding": "1em",
      }
    }
  >
    Foo
  </div>
  <div
    style={
      Object {
        "border": "2px solid #000",
        "display": "inline-block",
        "font-size": "2em",
        "margin": "2em",
        "padding": "1em",
      }
    }
  >
    Bar
  </div>
</div>
`;
